2025-10-27 09:55:41,841 - INFO - Initialized GooseCollector with rate limit: 50/60s
2025-10-27 09:55:41,911 - INFO - Fetching data from https://elgoose.net/api/v2/songs.json
2025-10-27 09:55:42,156 - INFO - ✅ Goose: Collected 580 songs.
2025-10-27 09:55:43,157 - INFO - Fetching data from https://elgoose.net/api/v2/shows.json
2025-10-27 09:55:43,296 - INFO - ✅ Goose: Collected 778 shows.
2025-10-27 09:55:44,261 - INFO - Fetching data from https://elgoose.net/api/v2/venues.json
2025-10-27 09:55:44,418 - INFO - ✅ Goose: Collected 558 venues.
2025-10-27 09:55:45,019 - INFO - Fetching data from https://elgoose.net/api/v1/setlists.json
2025-10-27 09:55:45,698 - INFO - ✅ Goose: Collected 6878 setlist records.
[2025-10-27 09:55:41] 🚀 Starting JamBandNerd Pipeline Orchestrator
[2025-10-27 09:55:41] [GOOSE] Starting full pipeline...
[2025-10-27 09:55:41] [GOOSE] Starting: Data Collection
Starting Goose data collection...
Collecting goose_songs_raw...
Prepared 580 records for goose_songs_raw.
Upserted data into goose_songs_raw.
Collecting goose_shows_raw...
Prepared 778 records for goose_shows_raw.
Upserted data into goose_shows_raw.
Collecting goose_venues_raw...
Prepared 558 records for goose_venues_raw.
Upserted data into goose_venues_raw.
Collecting goose_setlists_raw...
Prepared 6878 records for goose_setlists_raw.
Upserted data into goose_setlists_raw.
Logged collection run.
Goose data collection finished.
[2025-10-27 09:55:49] [GOOSE] Finished: Data Collection
[2025-10-27 09:55:49] [GOOSE] Starting: Notebook Predictions
[GOOSE/NOTEBOOK] Fetching raw data...
Found 778 total rows in goose_shows_raw.
Fetching all records from goose_shows_raw in chunks of 10000...
Fetching rows from offset 0...
Fetched 778 rows. Total so far: 778.
Fetched all expected rows based on count. Ending fetch.
Fetched a total of 778 records from goose_shows_raw.
Found 6880 total rows in goose_setlists_raw.
Fetching all records from goose_setlists_raw in chunks of 10000...
Fetching rows from offset 0...
Fetched 6880 rows. Total so far: 6880.
Fetched all expected rows based on count. Ending fetch.
Fetched a total of 6880 records from goose_setlists_raw.
No specific date provided; defaulting to next upcoming show: 2025-11-02
[GOOSE/NOTEBOOK] Generating predictions for reference date: 2025-11-02
[GOOSE/NOTEBOOK] --- Model Diagnostics ---
{
  "reference_date": "2025-11-02",
  "reference_index": 776,
  "total_songs_in_history": 348,
  "recently_played_count": 30
}
[GOOSE/NOTEBOOK] Recently played songs (excluded): ['726', 'Arcadia', 'Big Modern!', 'Borne', 'Creatures', 'Dripfield', 'Dustin Hoffman', 'Elmeg The Wise', 'Flodown', 'Give It Time', 'Hot Love & The Lazy Poet', 'Hungersite', 'I Would Die 4 U', 'Into the Myst', 'Madhuvan', 'Make The Move', 'Pancakes', 'Pumped Up Kicks', 'Rockdale', 'Royal', 'SALT', 'Seekers on the Ridge pt I', 'Seekers on the Ridge pt II', 'Silver Rising', 'Slow Ready', 'So Ready', 'Thatch', 'Wake Up', 'Yeti', 'You Spin Me Round (Like A Record)']
[GOOSE/NOTEBOOK] -------------------------
[GOOSE/NOTEBOOK] Generated 50 predictions. Saving to predictions_notebook...
[GOOSE/NOTEBOOK] Successfully saved predictions.
[2025-10-27 09:55:51] [GOOSE] Finished: Notebook Predictions
[2025-10-27 09:55:51] [GOOSE] Starting: Notebook Backtest
[GOOSE/NOTEBOOK] Fetching raw data...
Found 778 total rows in goose_shows_raw.
Fetching all records from goose_shows_raw in chunks of 10000...
Fetching rows from offset 0...
Fetched 778 rows. Total so far: 778.
Fetched all expected rows based on count. Ending fetch.
Fetched a total of 778 records from goose_shows_raw.
Found 6880 total rows in goose_setlists_raw.
Fetching all records from goose_setlists_raw in chunks of 10000...
Fetching rows from offset 0...
Fetched 6880 rows. Total so far: 6880.
Fetched all expected rows based on count. Ending fetch.
Fetched a total of 6880 records from goose_setlists_raw.
[GOOSE/NOTEBOOK] Backtesting on last 100 completed shows from 2024-09-04 to 2025-10-05
[GOOSE/NOTEBOOK] Skipping show 1741108426 on 2025-03-11: only 1 songs
[GOOSE/NOTEBOOK] Skipping show 1755099318 on 2025-08-13: only 1 songs
[GOOSE/NOTEBOOK] Saving 98 per-show accuracy records to the database...
[GOOSE/NOTEBOOK] Save complete.

[GOOSE/NOTEBOOK] --- Aggregate Metrics for Window ---
[GOOSE/NOTEBOOK] K=10: hit_rate=0.969 avg_matches=2.878 precision=0.288 recall=0.225 f1=0.249
[GOOSE/NOTEBOOK] K=25: hit_rate=0.990 avg_matches=5.633 precision=0.225 recall=0.433 f1=0.293
[GOOSE/NOTEBOOK] K=50: hit_rate=0.990 avg_matches=7.367 precision=0.147 recall=0.562 f1=0.232
[2025-10-27 09:55:55] [GOOSE] Finished: Notebook Backtest
[2025-10-27 09:55:55] [GOOSE] Starting: Notebook Aggregate Accuracy
[GOOSE/NOTEBOOK] Fetching last 100 per-show accuracy records...
[GOOSE/NOTEBOOK] Found 100 records to aggregate.
[GOOSE/NOTEBOOK] Saving aggregate accuracy summary to notebook_accuracy...
[GOOSE/NOTEBOOK] Successfully saved aggregate accuracy.
[GOOSE/NOTEBOOK] Summary: 100 shows from 2024-09-02 to 2025-10-05
[GOOSE/NOTEBOOK] K=10: hit_rate=0.970 precision=0.288 recall=0.225
[GOOSE/NOTEBOOK] K=25: hit_rate=0.990 precision=0.226 recall=0.432
[GOOSE/NOTEBOOK] K=50: hit_rate=0.990 precision=0.147 recall=0.560
[2025-10-27 09:55:55] [GOOSE] Finished: Notebook Aggregate Accuracy
[2025-10-27 09:55:55] [GOOSE] Starting: Ckplus Predictions
[GOOSE/CKPLUS] Fetching raw data...
Found 778 total rows in goose_shows_raw.
Fetching all records from goose_shows_raw in chunks of 10000...
Fetching rows from offset 0...
Fetched 778 rows. Total so far: 778.
Fetched all expected rows based on count. Ending fetch.
Fetched a total of 778 records from goose_shows_raw.
Found 6880 total rows in goose_setlists_raw.
Fetching all records from goose_setlists_raw in chunks of 10000...
Fetching rows from offset 0...
Fetched 6880 rows. Total so far: 6880.
Fetched all expected rows based on count. Ending fetch.
Fetched a total of 6880 records from goose_setlists_raw.
No specific date provided; defaulting to next upcoming show: 2025-11-02
[GOOSE/CKPLUS] Generating predictions for reference date: 2025-11-02
[GOOSE/CKPLUS] Generated 50 predictions. Saving to predictions_ckplus...
[GOOSE/CKPLUS] Successfully saved predictions.
[2025-10-27 09:55:56] [GOOSE] Finished: Ckplus Predictions
[2025-10-27 09:55:56] [GOOSE] Starting: Ckplus Backtest
[GOOSE/CKPLUS] Fetching raw data...
Found 778 total rows in goose_shows_raw.
Fetching all records from goose_shows_raw in chunks of 10000...
Fetching rows from offset 0...
Fetched 778 rows. Total so far: 778.
Fetched all expected rows based on count. Ending fetch.
Fetched a total of 778 records from goose_shows_raw.
Found 6880 total rows in goose_setlists_raw.
Fetching all records from goose_setlists_raw in chunks of 10000...
Fetching rows from offset 0...
Fetched 6880 rows. Total so far: 6880.
Fetched all expected rows based on count. Ending fetch.
Fetched a total of 6880 records from goose_setlists_raw.
[GOOSE/CKPLUS] Backtesting on last 100 completed shows from 2024-09-04 to 2025-10-05
[GOOSE/CKPLUS] Skipping show 1741108426 on 2025-03-11: only 1 songs
[GOOSE/CKPLUS] Skipping show 1755099318 on 2025-08-13: only 1 songs
[GOOSE/CKPLUS] Saving 98 per-show accuracy records to the database...
[GOOSE/CKPLUS] Save complete.

[GOOSE/CKPLUS] --- Aggregate Metrics for Window ---
[GOOSE/CKPLUS] K=10: hit_rate=0.827 avg_matches=1.898 precision=0.190 recall=0.143 f1=0.162
[GOOSE/CKPLUS] K=25: hit_rate=0.980 avg_matches=4.551 precision=0.182 recall=0.348 f1=0.236
[GOOSE/CKPLUS] K=50: hit_rate=1.000 avg_matches=7.551 precision=0.151 recall=0.586 f1=0.238
[2025-10-27 09:56:01] [GOOSE] Finished: Ckplus Backtest
[2025-10-27 09:56:01] [GOOSE] Starting: Ckplus Aggregate Accuracy
[GOOSE/CKPLUS] Fetching last 100 per-show accuracy records...
[GOOSE/CKPLUS] Found 100 records to aggregate.
[GOOSE/CKPLUS] Saving aggregate accuracy summary to accuracy_ckplus...
[GOOSE/CKPLUS] Successfully saved aggregate accuracy.
[GOOSE/CKPLUS] Summary: 100 shows from 2024-09-02 to 2025-10-05
[GOOSE/CKPLUS] K=10: hit_rate=0.820 precision=0.190 recall=0.142
[GOOSE/CKPLUS] K=25: hit_rate=0.980 precision=0.183 recall=0.348
[GOOSE/CKPLUS] K=50: hit_rate=1.000 precision=0.152 recall=0.586
[2025-10-27 09:56:01] [GOOSE] Finished: Ckplus Aggregate Accuracy
[2025-10-27 09:56:01] [GOOSE] Starting: Prediction Validation

== Validating predictions_notebook (notebook_v1) ==
[OK] goose: reference_date=2025-11-02 predicted_at=2025-10-27T13:55:51.000683+00:00 age=0.0h top_song=Animal

== Validating predictions_ckplus (ckplus_v1) ==
[OK] goose: reference_date=2025-11-02 predicted_at=2025-10-27T13:55:56.660578+00:00 age=0.0h top_song=One In, One Out
[2025-10-27 09:56:01] [GOOSE] Finished: Prediction Validation
[2025-10-27 09:56:01] [GOOSE] ✅ Successfully completed pipeline.
[2025-10-27 09:56:01] 📊 Pipeline Summary (Total Time: 20.3s)
[2025-10-27 09:56:01]   GOOSE: ✅ SUCCESS (took 20.3s)
[2025-10-27 09:56:01] 🎉 All pipelines completed successfully!
