2025-10-27 09:58:30,606 - INFO - Initialized UmCollector with rate limit: 45/60s
2025-10-27 09:58:31,537 - INFO - ✅ Umphrey's McGee: Collected 1032 songs.
2025-10-27 09:58:33,573 - INFO - ✅ Umphrey's McGee: Collected 939 venues.
2025-10-27 09:58:34,781 - INFO - Parsed 80 UM shows from 2023 archive.
2025-10-27 09:58:35,393 - INFO - Parsed 86 UM shows from 2024 archive.
2025-10-27 09:58:36,294 - INFO - Parsed 79 UM shows from 2025 archive.
2025-10-27 09:58:36,294 - INFO - ✅ Umphrey's McGee: Collected 171 shows between 2023-10-28 and 2025-10-27.
2025-10-27 10:03:48,964 - WARNING - Retrying (Retry(total=4, connect=None, read=None, redirect=None, status=None)) after connection broken by 'RemoteDisconnected('Remote end closed connection without response')': /setlists/umphreys-mcgee-february-18-2016-music-farm-columbia-sc-usa.html
2025-10-27 10:05:27,700 - INFO - ✅ Umphrey's McGee: Collected 37067 setlist rows.
[2025-10-27 09:58:30] 🚀 Starting JamBandNerd Pipeline Orchestrator
[2025-10-27 09:58:30] [UM] Starting full pipeline...
[2025-10-27 09:58:30] [UM] Starting: Data Collection
Starting Umphrey's McGee data collection...
Upserted 1032 songs into um_songs_raw.
Upserted 939 venues into um_venues_raw.
Upserted 171 shows into um_shows_raw.
Found 2883 total rows in um_shows_raw.
Fetching all records from um_shows_raw in chunks of 10000...
Fetching rows from offset 0...
Fetched 2883 rows. Total so far: 2883.
Fetched all expected rows based on count. Ending fetch.
Fetched a total of 2883 records from um_shows_raw.
Upserted 37067 setlist rows into um_setlists_raw.
[2025-10-27 10:05:52] [UM] Finished: Data Collection
[2025-10-27 10:05:52] [UM] Starting: Notebook Predictions
[UM/NOTEBOOK] Fetching raw data...
Found 2883 total rows in um_shows_raw.
Fetching all records from um_shows_raw in chunks of 10000...
Fetching rows from offset 0...
Fetched 2883 rows. Total so far: 2883.
Fetched all expected rows based on count. Ending fetch.
Fetched a total of 2883 records from um_shows_raw.
Found 47069 total rows in um_setlists_raw.
Fetching all records from um_setlists_raw in chunks of 10000...
Fetching rows from offset 0...
Fetched 10000 rows. Total so far: 10000.
Fetching rows from offset 10000...
Fetched 10000 rows. Total so far: 20000.
Fetching rows from offset 20000...
Fetched 10000 rows. Total so far: 30000.
Fetching rows from offset 30000...
Fetched 10000 rows. Total so far: 40000.
Fetching rows from offset 40000...
Fetched 7069 rows. Total so far: 47069.
Fetched all expected rows based on count. Ending fetch.
Fetched a total of 47069 records from um_setlists_raw.
No future shows found; defaulting to most recent past show: 2025-10-26
[UM/NOTEBOOK] Generating predictions for reference date: 2025-10-26
[UM/NOTEBOOK] --- Model Diagnostics ---
{
  "reference_date": "2025-10-26",
  "reference_index": 2883,
  "total_songs_in_history": 1080,
  "recently_played_count": 36
}
[UM/NOTEBOOK] Recently played songs (excluded): ['1348', "Ain't No Fun (If the Homies Can't Have None)", 'Attachments', 'Brown Sugar', 'Cemetery Walk', 'Cemetery Walk II', 'Concessions', 'Day Nurse', 'Deeper', 'Draconian', 'Escape Goat', 'Everybody Wants to Rule the World', 'Fenced In', 'Hangover', 'Hurt Bird Bath', 'Intentions Clear', 'JaJunk', 'Mantis', 'Much Obliged', "Mulche's Odyssey", 'Night Nurse', 'Nookie', 'Orfeo', "Phil's Farm", 'Plunger', 'Preamble', 'Pure Saturation', 'Scenes from an Italian Restaurant', 'Small Strides', 'The Bottom Half', 'The Floor', 'The Silent Type', 'Utopian Fir', 'Wide Open', 'Wife Soup', 'Wish']
[UM/NOTEBOOK] -------------------------
[UM/NOTEBOOK] Generated 50 predictions. Saving to predictions_notebook...
[UM/NOTEBOOK] Successfully saved predictions.
[2025-10-27 10:05:56] [UM] Finished: Notebook Predictions
[2025-10-27 10:05:56] [UM] Starting: Notebook Backtest
[UM/NOTEBOOK] Fetching raw data...
Found 2883 total rows in um_shows_raw.
Fetching all records from um_shows_raw in chunks of 10000...
Fetching rows from offset 0...
Fetched 2883 rows. Total so far: 2883.
Fetched all expected rows based on count. Ending fetch.
Fetched a total of 2883 records from um_shows_raw.
Found 47069 total rows in um_setlists_raw.
Fetching all records from um_setlists_raw in chunks of 10000...
Fetching rows from offset 0...
Fetched 10000 rows. Total so far: 10000.
Fetching rows from offset 10000...
Fetched 10000 rows. Total so far: 20000.
Fetching rows from offset 20000...
Fetched 10000 rows. Total so far: 30000.
Fetching rows from offset 30000...
Fetched 10000 rows. Total so far: 40000.
Fetching rows from offset 40000...
Fetched 7069 rows. Total so far: 47069.
Fetched all expected rows based on count. Ending fetch.
Fetched a total of 47069 records from um_setlists_raw.
[UM/NOTEBOOK] Backtesting on last 100 completed shows from 2024-07-20 to 2025-10-26
[UM/NOTEBOOK] Saving 100 per-show accuracy records to the database...
[UM/NOTEBOOK] Save complete.

[UM/NOTEBOOK] --- Aggregate Metrics for Window ---
[UM/NOTEBOOK] K=10: hit_rate=0.910 avg_matches=1.940 precision=0.194 recall=0.138 f1=0.160
[UM/NOTEBOOK] K=25: hit_rate=0.960 avg_matches=4.180 precision=0.167 recall=0.299 f1=0.213
[UM/NOTEBOOK] K=50: hit_rate=0.990 avg_matches=6.340 precision=0.127 recall=0.458 f1=0.197
[2025-10-27 10:06:12] [UM] Finished: Notebook Backtest
[2025-10-27 10:06:12] [UM] Starting: Notebook Aggregate Accuracy
[UM/NOTEBOOK] Fetching last 100 per-show accuracy records...
[UM/NOTEBOOK] Found 100 records to aggregate.
[UM/NOTEBOOK] Saving aggregate accuracy summary to notebook_accuracy...
[UM/NOTEBOOK] Successfully saved aggregate accuracy.
[UM/NOTEBOOK] Summary: 100 shows from 2024-07-20 to 2025-10-26
[UM/NOTEBOOK] K=10: hit_rate=0.910 precision=0.194 recall=0.138
[UM/NOTEBOOK] K=25: hit_rate=0.960 precision=0.167 recall=0.299
[UM/NOTEBOOK] K=50: hit_rate=0.990 precision=0.127 recall=0.458
[2025-10-27 10:06:13] [UM] Finished: Notebook Aggregate Accuracy
[2025-10-27 10:06:13] [UM] Starting: Ckplus Predictions
[UM/CKPLUS] Fetching raw data...
Found 2883 total rows in um_shows_raw.
Fetching all records from um_shows_raw in chunks of 10000...
Fetching rows from offset 0...
Fetched 2883 rows. Total so far: 2883.
Fetched all expected rows based on count. Ending fetch.
Fetched a total of 2883 records from um_shows_raw.
Found 47069 total rows in um_setlists_raw.
Fetching all records from um_setlists_raw in chunks of 10000...
Fetching rows from offset 0...
Fetched 10000 rows. Total so far: 10000.
Fetching rows from offset 10000...
Fetched 10000 rows. Total so far: 20000.
Fetching rows from offset 20000...
Fetched 10000 rows. Total so far: 30000.
Fetching rows from offset 30000...
Fetched 10000 rows. Total so far: 40000.
Fetching rows from offset 40000...
Fetched 7069 rows. Total so far: 47069.
Fetched all expected rows based on count. Ending fetch.
Fetched a total of 47069 records from um_setlists_raw.
No future shows found; defaulting to most recent past show: 2025-10-26
[UM/CKPLUS] Generating predictions for reference date: 2025-10-26
[UM/CKPLUS] Generated 50 predictions. Saving to predictions_ckplus...
[UM/CKPLUS] Successfully saved predictions.
[2025-10-27 10:06:15] [UM] Finished: Ckplus Predictions
[2025-10-27 10:06:15] [UM] Starting: Ckplus Backtest
[UM/CKPLUS] Fetching raw data...
Found 2883 total rows in um_shows_raw.
Fetching all records from um_shows_raw in chunks of 10000...
Fetching rows from offset 0...
Fetched 2883 rows. Total so far: 2883.
Fetched all expected rows based on count. Ending fetch.
Fetched a total of 2883 records from um_shows_raw.
Found 47069 total rows in um_setlists_raw.
Fetching all records from um_setlists_raw in chunks of 10000...
Fetching rows from offset 0...
Fetched 10000 rows. Total so far: 10000.
Fetching rows from offset 10000...
Fetched 10000 rows. Total so far: 20000.
Fetching rows from offset 20000...
Fetched 10000 rows. Total so far: 30000.
Fetching rows from offset 30000...
Fetched 10000 rows. Total so far: 40000.
Fetching rows from offset 40000...
Fetched 7069 rows. Total so far: 47069.
Fetched all expected rows based on count. Ending fetch.
Fetched a total of 47069 records from um_setlists_raw.
[UM/CKPLUS] Backtesting on last 100 completed shows from 2024-07-20 to 2025-10-26
[UM/CKPLUS] Saving 100 per-show accuracy records to the database...
[UM/CKPLUS] Save complete.

[UM/CKPLUS] --- Aggregate Metrics for Window ---
[UM/CKPLUS] K=10: hit_rate=0.590 avg_matches=0.900 precision=0.090 recall=0.063 f1=0.073
[UM/CKPLUS] K=25: hit_rate=0.870 avg_matches=2.550 precision=0.102 recall=0.182 f1=0.129
[UM/CKPLUS] K=50: hit_rate=0.980 avg_matches=4.710 precision=0.094 recall=0.333 f1=0.146
[2025-10-27 10:06:31] [UM] Finished: Ckplus Backtest
[2025-10-27 10:06:31] [UM] Starting: Ckplus Aggregate Accuracy
[UM/CKPLUS] Fetching last 100 per-show accuracy records...
[UM/CKPLUS] Found 100 records to aggregate.
[UM/CKPLUS] Saving aggregate accuracy summary to accuracy_ckplus...
[UM/CKPLUS] Successfully saved aggregate accuracy.
[UM/CKPLUS] Summary: 100 shows from 2024-07-20 to 2025-10-26
[UM/CKPLUS] K=10: hit_rate=0.590 precision=0.090 recall=0.063
[UM/CKPLUS] K=25: hit_rate=0.870 precision=0.102 recall=0.182
[UM/CKPLUS] K=50: hit_rate=0.980 precision=0.094 recall=0.333
[2025-10-27 10:06:31] [UM] Finished: Ckplus Aggregate Accuracy
[2025-10-27 10:06:31] [UM] Starting: Prediction Validation

== Validating predictions_notebook (notebook_v1) ==
[OK] um: reference_date=2025-10-26 predicted_at=2025-10-27T14:05:56.684410+00:00 age=0.0h top_song=Miss Tinkle's Overture

== Validating predictions_ckplus (ckplus_v1) ==
[OK] um: reference_date=2025-10-26 predicted_at=2025-10-27T14:06:15.169699+00:00 age=0.0h top_song=I Don't Know What I Want
[2025-10-27 10:06:32] [UM] Finished: Prediction Validation
[2025-10-27 10:06:32] [UM] ✅ Successfully completed pipeline.
[2025-10-27 10:06:32] 📊 Pipeline Summary (Total Time: 481.7s)
[2025-10-27 10:06:32]   UM: ✅ SUCCESS (took 481.7s)
[2025-10-27 10:06:32] 🎉 All pipelines completed successfully!
